Script started on 2020-03-12 15:57:58-04:00 [TERM="xterm" TTY="/dev/pts/1" COLUMNS="93" LINES="49"]
bash: /home/umrigar/cs240/bin/student.rc: Permission denied
bhogan9@remote04:~/i240b/submit/lab6$ cd ![Kcp -r ~/cs240/labs/;[Klab5[K6/exercises/ .
bash: cd: too many arguments
bhogan9@remote04:~/i240b/submit/lab6$ cd cp -r ~/cs240/labs/lab6/exercises/ .[C[C[C[1P[1P[1P
bhogan9@remote04:~/i240b/submit/lab6$ ls
exercises  lab6.LOG
bhogan9@remote04:~/i240b/submit/lab6$ cd exercises/
bhogan9@remote04:~/i240b/submit/lab6/exercises$ ls
4-quoting
bhogan9@remote04:~/i240b/submit/lab6/exercises$ mkdir dir
bhogan9@remote04:~/i240b/submit/lab6/exercises$ touch t1.c T1.s v.c v1.s x.c dir/t2.c dir/T2. s1 dir/T3[K[Kt3
bhogan9@remote04:~/i240b/submit/lab6/exercises$ ls
4-quoting  dir	t1.c  T1.s  v1.s  v.c  x.c
bhogan9@remote04:~/i240b/submit/lab6/exercises$ ls -l
total 0
drwxr-x--- 2 bhogan9 bhogan9 135 Mar 12 15:58 4-quoting
drwxr-x--- 2 bhogan9 bhogan9  54 Mar 12 16:01 dir
-rw-r----- 1 bhogan9 bhogan9   0 Mar 12 16:01 t1.c
-rw-r----- 1 bhogan9 bhogan9   0 Mar 12 16:01 T1.s
-rw-r----- 1 bhogan9 bhogan9   0 Mar 12 16:01 v1.s
-rw-r----- 1 bhogan9 bhogan9   0 Mar 12 16:01 v.c
-rw-r----- 1 bhogan9 bhogan9   0 Mar 12 16:01 x.c
bhogan9@remote04:~/i240b/submit/lab6/exercises$ ls -tl
total 0
drwxr-x--- 2 bhogan9 bhogan9  54 Mar 12 16:01 dir
-rw-r----- 1 bhogan9 bhogan9   0 Mar 12 16:01 x.c
-rw-r----- 1 bhogan9 bhogan9   0 Mar 12 16:01 t1.c
-rw-r----- 1 bhogan9 bhogan9   0 Mar 12 16:01 T1.s
-rw-r----- 1 bhogan9 bhogan9   0 Mar 12 16:01 v1.s
-rw-r----- 1 bhogan9 bhogan9   0 Mar 12 16:01 v.c
drwxr-x--- 2 bhogan9 bhogan9 135 Mar 12 15:58 4-quoting
bhogan9@remote04:~/i240b/submit/lab6/exercises$ ls dir
t2.c  T2.s1  t3
bhogan9@remote04:~/i240b/submit/lab6/exercises$ ls dir[C[C[C -l
total 0
-rw-r----- 1 bhogan9 bhogan9 0 Mar 12 16:01 t2.c
-rw-r----- 1 bhogan9 bhogan9 0 Mar 12 16:01 T2.s1
-rw-r----- 1 bhogan9 bhogan9 0 Mar 12 16:01 t3
bhogan9@remote04:~/i240b/submit/lab6/exercises$ ls dir -ltl
total 0
-rw-r----- 1 bhogan9 bhogan9 0 Mar 12 16:01 t2.c
-rw-r----- 1 bhogan9 bhogan9 0 Mar 12 16:01 T2.s1
-rw-r----- 1 bhogan9 bhogan9 0 Mar 12 16:01 t3
bhogan9@remote04:~/i240b/submit/lab6/exercises$ ls dit[Kr -t
t2.c  T2.s1  t3
bhogan9@remote04:~/i240b/submit/lab6/exercises$ man touch
[?1049h[22;0;0t[?1h=TOUCH(1)                               User Commands                              TOUCH(1)[m
[m
[1mNAME[0m[m
       touch - change file timestamps[m
[m
[1mSYNOPSIS[0m[m
       [1mtouch[0m [[4mOPTION[24m]... [4mFILE[24m...[m
[m
[1mDESCRIPTION[0m[m
       Update the access and modification times of each FILE to the current time.[m
[m
       A FILE argument that does not exist is created empty, unless [1m-c[0m or [1m-h[0m is supplied.[m
[m
       A  FILE  argument  string  of - is handled specially and causes touch to change the[m
       times of the file associated with standard output.[m
[m
       Mandatory arguments to long options are mandatory for short options too.[m
[m
       [1m-a[0m     change only the access time[m
[m
       [1m-c[0m, [1m--no-create[0m[m
              do not create any files[m
[m
       [1m-d[0m, [1m--date[0m=[4mSTRING[24m[m
              parse STRING and use it instead of current time[m
[m
       [1m-f[0m     (ignored)[m
[m
       [1m-h[0m, [1m--no-dereference[0m[m
              affect each symbolic link instead of any referenced  file  (useful  only  on[m
              systems that can change the timestamps of a symlink)[m
[m
       [1m-m[0m     change only the modification time[m
[m
       [1m-r[0m, [1m--reference[0m=[4mFILE[24m[m
              use this file's times instead of current time[m
[m
       [1m-t[0m STAMP[m
              use [[CC]YY]MMDDhhmm[.ss] instead of current time[m
[m
       [1m--time[0m=[4mWORD[24m[m
              change  the  specified time: WORD is access, atime, or use: equivalent to [1m-a[0m[m
              WORD is modify or mtime: equivalent to [1m-m[0m[m
[m
       [1m--help[0m display this help and exit[m
[m
       [1m--version[0m[m
              output version information and exit[m
[7m Manual page touch(1) line 1 (press h for help or q to quit)[27m[K[K[?1l>[?1049l[23;0;0tbhogan9@remote04:~/i240b/submit/lab6/exercises$ man ls
[?1049h[22;0;0t[?1h=LS(1)                                  User Commands                                 LS(1)[m
[m
[1mNAME[0m[m
       ls - list directory contents[m
[m
[1mSYNOPSIS[0m[m
       [1mls[0m [[4mOPTION[24m]... [[4mFILE[24m]...[m
[m
[1mDESCRIPTION[0m[m
       List  information about the FILEs (the current directory by default).  Sort entries[m
       alphabetically if none of [1m-cftuvSUX[0m nor [1m--sort[0m is specified.[m
[m
       Mandatory arguments to long options are mandatory for short options too.[m
[m
       [1m-a[0m, [1m--all[0m[m
              do not ignore entries starting with .[m
[m
       [1m-A[0m, [1m--almost-all[0m[m
              do not list implied . and ..[m
[m
       [1m--author[0m[m
              with [1m-l[0m, print the author of each file[m
[m
       [1m-b[0m, [1m--escape[0m[m
              print C-style escapes for nongraphic characters[m
[m
       [1m--block-size[0m=[4mSIZE[24m[m
              with [1m-l[0m, scale sizes by SIZE when printing them; e.g., '--block-size=M'; see[m
              SIZE format below[m
[m
       [1m-B[0m, [1m--ignore-backups[0m[m
              do not list implied entries ending with ~[m
[m
       [1m-c[0m     with [1m-lt[0m: sort by, and show, ctime (time of last modification of file status[m
              information); with [1m-l[0m: show ctime and  sort  by  name;  otherwise:  sort  by[m
              ctime, newest first[m
[m
       [1m-C[0m     list entries by columns[m
[m
       [1m--color[0m[=[4mWHEN[24m][m
              colorize  the  output; WHEN can be 'always' (default if omitted), 'auto', or[m
              'never'; more info below[m
[m
       [1m-d[0m, [1m--directory[0m[m
              list directories themselves, not their contents[m
[m
       [1m-D[0m, [1m--dired[0m[m
              generate output designed for Emacs' dired mode[m
[7m Manual page ls(1) line 1 (press h for help or q to quit)[27m[K[K[?1l>[?1049l[23;0;0tbhogan9@remote04:~/i240b/submit/lab6/exercises$ ls T*
T1.s
bhogan9@remote04:~/i240b/submit/lab6/exercises$ ls dir/*.?
dir/t2.c
bhogan9@remote04:~/i240b/submit/lab6/exercises$ ls [t-v]*.c
t1.c  v.c
bhogan9@remote04:~/i240b/submit/lab6/exercises$ ls ~/bin[K[K[Kb[K[K[K/b
backup/ bin/    boot/   
bhogan9@remote04:~/i240b/submit/lab6/exercises$ ls /bin [K/*[p-s]*
/bin/bash	    /bin/more		 /bin/setupcon
/bin/bunzip2	    /bin/mountpoint	 /bin/sh
/bin/busybox	    /bin/nc.traditional  /bin/sh.distrib
/bin/bzcmp	    /bin/netstat	 /bin/sleep
/bin/bzegrep	    /bin/networkctl	 /bin/ss
/bin/bzfgrep	    /bin/nisdomainname	 /bin/stty
/bin/bzgrep	    /bin/ntfs-3g	 /bin/su
/bin/bzip2	    /bin/ntfs-3g.probe	 /bin/sync
/bin/bzip2recover   /bin/ntfscat	 /bin/systemctl
/bin/bzless	    /bin/ntfscluster	 /bin/systemd
/bin/bzmore	    /bin/ntfscmp	 /bin/systemd-ask-password
/bin/chgrp	    /bin/ntfsfallocate	 /bin/systemd-escape
/bin/cp		    /bin/ntfsfix	 /bin/systemd-hwdb
/bin/cpio	    /bin/ntfsinfo	 /bin/systemd-inhibit
/bin/csh	    /bin/ntfsls		 /bin/systemd-machine-id-setup
/bin/dash	    /bin/ntfsmove	 /bin/systemd-notify
/bin/dir	    /bin/ntfsrecover	 /bin/systemd-sysusers
/bin/dmesg	    /bin/ntfssecaudit	 /bin/systemd-tmpfiles
/bin/dnsdomainname  /bin/ntfstruncate	 /bin/systemd-tty-ask-password-agent
/bin/dumpkeys	    /bin/ntfsusermap	 /bin/tar
/bin/egrep	    /bin/ntfswipe	 /bin/tcsh
/bin/false	    /bin/openvt		 /bin/tempfile
/bin/fgconsole	    /bin/pidof		 /bin/true
/bin/fgrep	    /bin/ping		 /bin/ulockmgr_server
/bin/fuser	    /bin/ping4		 /bin/uncompress
/bin/fusermount     /bin/ping6		 /bin/unicode_start
/bin/grep	    /bin/ps		 /bin/vdir
/bin/gunzip	    /bin/pwd		 /bin/ypdomainname
/bin/gzip	    /bin/rbash		 /bin/zcmp
/bin/hostname	    /bin/readlink	 /bin/zegrep
/bin/ip		    /bin/red		 /bin/zfgrep
/bin/journalctl     /bin/rm		 /bin/zforce
/bin/loadkeys	    /bin/rmdir		 /bin/zgrep
/bin/lowntfs-3g     /bin/rnano		 /bin/zless
/bin/ls		    /bin/run-parts	 /bin/zmore
/bin/lsblk	    /bin/rzsh		 /bin/zsh
/bin/lsmod	    /bin/sed		 /bin/zsh5
/bin/mkdir	    /bin/setfacl
/bin/mktemp	    /bin/setfont
bhogan9@remote04:~/i240b/submit/lab6/exercises$ ls /bin/*[p-s]*[K[K[K[K[K[K[K[K[K[K[Ketc/*rc
/etc/bash.bashrc    /etc/gnashthumbnailrc  /etc/Muttrc	       /etc/screenrc
/etc/chktexrc	    /etc/inputrc	   /etc/nanorc	       /etc/slsh.rc
/etc/csh.cshrc	    /etc/lintianrc	   /etc/pbuilderrc     /etc/wgetrc
/etc/gnashpluginrc  /etc/mail.rc	   /etc/quilt.quiltrc
/etc/gnashrc	    /etc/matplotlibrc	   /etc/sbclrc
bhogan9@remote04:~/i240b/submit/lab6/exercises$ ;s /b[K[K[K[K[Kls /bin/???
/bin/cat  /bin/csh  /bin/dir  /bin/pwd	/bin/red  /bin/sed  /bin/tar  /bin/zsh
bhogan9@remote04:~/i240b/submit/lab6/exercises$ ls > ls.log
bhogan9@remote04:~/i240b/submit/lab6/exercises$ cat ls.log
4-quoting
dir
ls.log
t1.c
T1.s
v1.s
v.c
x.c
bhogan9@remote04:~/i240b/submit/lab6/exercises$ cat >cat.log
coronavirus
will
kill
us
all
bhogan9@remote04:~/i240b/submit/lab6/exercises$ cat cat.log
coronavirus
will
kill
us
all
bhogan9@remote04:~/i240b/submit/lab6/exercises$ dir >>ls.log
bhogan9@remote04:~/i240b/submit/lab6/exercises$ cat ls.log
4-quoting
dir
ls.log
t1.c
T1.s
v1.s
v.c
x.c
4-quoting  cat.log  dir  ls.log  t1.c  T1.s  v1.s  v.c	x.c
bhogan9@remote04:~/i240b/submit/lab6/exercises$ cat <ls.log
4-quoting
dir
ls.log
t1.c
T1.s
v1.s
v.c
x.c
4-quoting  cat.log  dir  ls.log  t1.c  T1.s  v1.s  v.c	x.c
bhogan9@remote04:~/i240b/submit/lab6/exercises$ wc -l
d
d
d
d
^Tdk
5
bhogan9@remote04:~/i240b/submit/lab6/exercises$ ls | wc -l
9
bhogan9@remote04:~/i240b/submit/lab6/exercises$ ls
4-quoting  cat.log  dir  ls.log  t1.c  T1.s  v1.s  v.c	x.c
bhogan9@remote04:~/i240b/submit/lab6/exercises$ ls /bin/????.* | wc -;[Kl
ls: cannot access '/bin/????.*': No such file or directory
0
bhogan9@remote04:~/i240b/submit/lab6/exercises$ ls /b
backup/ bin/    boot/   
bhogan9@remote04:~/i240b/submit/lab6/exercises$ ls /bin/
bash	       fusermount      ntfscat	      systemd
bunzip2        getfacl	       ntfscluster    systemd-ask-password
busybox        grep	       ntfscmp	      systemd-escape
bzcat	       gunzip	       ntfsfallocate  systemd-hwdb
bzcmp	       gzexe	       ntfsfix	      systemd-inhibit
bzdiff	       gzip	       ntfsinfo       systemd-machine-id-setup
bzegrep        hciconfig       ntfsls	      systemd-notify
bzexe	       hostname        ntfsmove       systemd-sysusers
bzfgrep        ip	       ntfsrecover    systemd-tmpfiles
bzgrep	       journalctl      ntfssecaudit   systemd-tty-ask-password-agent
bzip2	       kbd_mode        ntfstruncate   tar
bzip2recover   keyctl	       ntfsusermap    tcsh
bzless	       kill	       ntfswipe       tempfile
bzmore	       kmod	       openvt	      touch
cat	       ln	       pidof	      true
chacl	       loadkeys        ping	      udevadm
chgrp	       login	       ping4	      ulockmgr_server
chmod	       loginctl        ping6	      umount
chown	       lowntfs-3g      ps	      uname
chvt	       ls	       pwd	      uncompress
cp	       lsblk	       rbash	      unicode_start
cpio	       lsmod	       readlink       vdir
csh	       mkdir	       red	      wdctl
dash	       mknod	       rm	      which
date	       mktemp	       rmdir	      ypdomainname
dd	       more	       rnano	      zcat
df	       mount	       run-parts      zcmp
dir	       mountpoint      rzsh	      zdiff
dmesg	       mt	       sed	      zegrep
dnsdomainname  mt-gnu	       setfacl	      zfgrep
domainname     mv	       setfont	      zforce
dumpkeys       nano	       setupcon       zgrep
echo	       nc	       sh	      zless
ed	       nc.traditional  sh.distrib     zmore
egrep	       netcat	       sleep	      znew
false	       netstat	       ss	      zsh
fgconsole      networkctl      stty	      zsh5
fgrep	       nisdomainname   su
findmnt        ntfs-3g	       sync
fuser	       ntfs-3g.probe   systemctl
bhogan9@remote04:~/i240b/submit/lab6/exercises$ ls /bin/????.* | wc -la[K[C[C[C[1P[1P
23
bhogan9@remote04:~/i240b/submit/lab6/exercises$ cat [K[K[K[Kls /bin/c* | cat <bin-c.log
bash: bin-c.log: No such file or directory
bhogan9@remote04:~/i240b/submit/lab6/exercises$ touvh[K[Kch bin-c.logls /bin/c* | cat <bin-c.log[7P???? | wc -l[K????.* | wc -l[K???? | wc -lc* | cat <bin-c.log[12Ptouch bin-c.log[K[K[K[K[K[K[K[K[K[K[K[K[K[K[Kls /bin/c* | cat <bin-c.log[C[C[1Pbin-c.log>bin-c.log bin-c.logcbin-c.logabin-c.logtbin-c.log bin-c.log
cat: bin-c.log: No such file or directory
bhogan9@remote04:~/i240b/submit/lab6/exercises$ ls /bin/c* | cat > cat bin-c.log[1Pbin-c.log[1Pbin-c.log[1Pbin-c.log[1Pbin-c.log[1Pbin-c.log
bhogan9@remote04:~/i240b/submit/lab6/exercises$ cat bin-c.log 
/bin/cat
/bin/chacl
/bin/chgrp
/bin/chmod
/bin/chown
/bin/chvt
/bin/cp
/bin/cpio
/bin/csh
bhogan9@remote04:~/i240b/submit/lab6/exercises$ cat bin-c.log | wc -l
9
bhogan9@remote04:~/i240b/submit/lab6/exercises$ man tr
[?1049h[22;0;0t[?1h=TR(1)                                  User Commands                                 TR(1)[m
[m
[1mNAME[0m[m
       tr - translate or delete characters[m
[m
[1mSYNOPSIS[0m[m
       [1mtr[0m [[4mOPTION[24m]... [4mSET1[24m [[4mSET2[24m][m
[m
[1mDESCRIPTION[0m[m
       Translate,  squeeze, and/or delete characters from standard input, writing to stan‐[m
       dard output.[m
[m
       [1m-c[0m, [1m-C[0m, [1m--complement[0m[m
              use the complement of SET1[m
[m
       [1m-d[0m, [1m--delete[0m[m
              delete characters in SET1, do not translate[m
[m
       [1m-s[0m, [1m--squeeze-repeats[0m[m
              replace each sequence of a repeated character that is  listed  in  the  last[m
              specified SET, with a single occurrence of that character[m
[m
       [1m-t[0m, [1m--truncate-set1[0m[m
              first truncate SET1 to length of SET2[m
[m
       [1m--help[0m display this help and exit[m
[m
       [1m--version[0m[m
              output version information and exit[m
[m
       SETs  are  specified  as strings of characters.  Most represent themselves.  Inter‐[m
       preted sequences are:[m
[m
       \NNN   character with octal value NNN (1 to 3 octal digits)[m
[m
       \\     backslash[m
[m
       \a     audible BEL[m
[m
       \b     backspace[m
[m
       \f     form feed[m
[m
       \n     new line[m
[m
       \r     return[m
[m
       \t     horizontal tab[m
[7m Manual page tr(1) line 1 (press h for help or q to quit)[27m[K[K [KESCESC[KOO[KBB[K[m
[7m Manual page tr(1) line 2 (press h for help or q to quit)[27m[K[K [KESCESC[KOO[KBB[K       \v     vertical tab[m
[7m Manual page tr(1) line 3 (press h for help or q to quit)[27m[K[K [KESCESC[KOO[KBB[K[m
[7m Manual page tr(1) line 4 (press h for help or q to quit)[27m[K[K [KESCESC[KOO[KBB[K       CHAR1-CHAR2[m
[7m Manual page tr(1) line 5 (press h for help or q to quit)[27m[K[K [KESCESC[KOO[KBB[K              all characters from CHAR1 to CHAR2 in ascending order[m
[7m Manual page tr(1) line 6 (press h for help or q to quit)[27m[K[K [KESCESC[KOO[KBB[K[m
[7m Manual page tr(1) line 7 (press h for help or q to quit)[27m[K[K [KESCESC[KOO[KBB[K       [CHAR*][m
[7m Manual page tr(1) line 8 (press h for help or q to quit)[27m[K[K [KESCESC[KOO[KBB[K              in SET2, copies of CHAR until length of SET1[m
[7m Manual page tr(1) line 9 (press h for help or q to quit)[27m[K[K [KESCESC[KOO[KBB[K[m
[7m Manual page tr(1) line 10 (press h for help or q to quit)[27m[K[K [KESCESC[KOO[KBB[K       [CHAR*REPEAT][m
[7m Manual page tr(1) line 11 (press h for help or q to quit)[27m[K[K [KESCESC[KOO[KBB[K              REPEAT copies of CHAR, REPEAT octal if starting with 0[m
[7m Manual page tr(1) line 12 (press h for help or q to quit)[27m[K[K [KESCESC[KOO[KBB[K[m
[7m Manual page tr(1) line 13 (press h for help or q to quit)[27m[K[K [KESCESC[KOO[KBB[K       [:alnum:][m
[7m Manual page tr(1) line 14 (press h for help or q to quit)[27m[K[K [KESCESC[KOO[KBB[K              all letters and digits[m
[7m Manual page tr(1) line 15 (press h for help or q to quit)[27m[K[K [KESCESC[KOO[KBB[K[m
[7m Manual page tr(1) line 16 (press h for help or q to quit)[27m[K[K [KESCESC[KOO[KBB[K       [:alpha:][m
[7m Manual page tr(1) line 17 (press h for help or q to quit)[27m[K[K [KESCESC[KOO[KBB[K              all letters[m
[7m Manual page tr(1) line 18 (press h for help or q to quit)[27m[K[K [KESCESC[KOO[KBB[K[m
[7m Manual page tr(1) line 19 (press h for help or q to quit)[27m[K[K [KESCESC[KOO[KBB[K       [:blank:][m
[7m Manual page tr(1) line 20 (press h for help or q to quit)[27m[K[K [KESCESC[KOO[KBB[K              all horizontal whitespace[m
[7m Manual page tr(1) line 21 (press h for help or q to quit)[27m[K[K [KESCESC[KOO[KBB[K[m
[7m Manual page tr(1) line 22 (press h for help or q to quit)[27m[K[K [KESCESC[KOO[KBB[K       [:cntrl:][m
[7m Manual page tr(1) line 23 (press h for help or q to quit)[27m[K[K [KESCESC[KOO[KBB[K              all control characters[m
[7m Manual page tr(1) line 24 (press h for help or q to quit)[27m[K[K [KESCESC[KOO[KBB[K[m
[7m Manual page tr(1) line 25 (press h for help or q to quit)[27m[K[K [KESCESC[KOO[KBB[K       [:digit:][m
[7m Manual page tr(1) line 26 (press h for help or q to quit)[27m[K[K [KESCESC[KOO[KBB[K              all digits[m
[7m Manual page tr(1) line 27 (press h for help or q to quit)[27m[K[K [KESCESC[KOO[KBB[K[m
[7m Manual page tr(1) line 28 (press h for help or q to quit)[27m[K[K [KESCESC[KOO[KBB[K       [:graph:][m
[7m Manual page tr(1) line 29 (press h for help or q to quit)[27m[K[K [KESCESC[KOO[KBB[K              all printable characters, not including space[m
[7m Manual page tr(1) line 30 (press h for help or q to quit)[27m[K[K [KESCESC[KOO[KBB[K[m
[7m Manual page tr(1) line 31 (press h for help or q to quit)[27m[K[K [KESCESC[KOO[KBB[K       [:lower:][m
[7m Manual page tr(1) line 32 (press h for help or q to quit)[27m[K[K [KESCESC[KOO[KBB[K              all lower case letters[m
[7m Manual page tr(1) line 33 (press h for help or q to quit)[27m[K[K [KESCESC[KOO[KBB[K[m
[7m Manual page tr(1) line 34 (press h for help or q to quit)[27m[K[K [KESCESC[KOO[KBB[K       [:print:][m
[7m Manual page tr(1) line 35 (press h for help or q to quit)[27m[K[K [KESCESC[KOO[KBB[K              all printable characters, including space[m
[7m Manual page tr(1) line 36 (press h for help or q to quit)[27m[K[K [KESCESC[KOO[KBB[K[m
[7m Manual page tr(1) line 37 (press h for help or q to quit)[27m[K[K [KESCESC[KOO[KBB[K       [:punct:][m
[7m Manual page tr(1) line 38 (press h for help or q to quit)[27m[K[K [KESCESC[KOO[KBB[K              all punctuation characters[m
[7m Manual page tr(1) line 39 (press h for help or q to quit)[27m[K[K [KESCESC[KOO[KBB[K[m
[7m Manual page tr(1) line 40 (press h for help or q to quit)[27m[K[K [KESCESC[KOO[KBB[K       [:space:][m
[7m Manual page tr(1) line 41 (press h for help or q to quit)[27m[K[K [KESCESC[KOO[KBB[K              all horizontal or vertical whitespace[m
[7m Manual page tr(1) line 42 (press h for help or q to quit)[27m[K[K [KESCESC[KOO[KBB[K[m
[7m Manual page tr(1) line 43 (press h for help or q to quit)[27m[K[K [KESCESC[KOO[KBB[K       [:upper:][m
[7m Manual page tr(1) line 44 (press h for help or q to quit)[27m[K[K [KESCESC[KOO[KBB[K              all upper case letters[m
[7m Manual page tr(1) line 45 (press h for help or q to quit)[27m[K[K [KESCESC[KOO[KBB[K[m
[7m Manual page tr(1) line 46 (press h for help or q to quit)[27m[K[K [KESCESC[KOO[KBB[K       [:xdigit:][m
[7m Manual page tr(1) line 47 (press h for help or q to quit)[27m[K[K [KESCESC[KOO[KBB[K              all hexadecimal digits[m
[7m Manual page tr(1) line 48 (press h for help or q to quit)[27m[K[K [KESCESC[KOO[KBB[K[m
[7m Manual page tr(1) line 49 (press h for help or q to quit)[27m[K[K [KESCESC[KOO[KBB[K       [=CHAR=][m
[7m Manual page tr(1) line 50 (press h for help or q to quit)[27m[K[K [KESCESC[KOO[KBB[K              all characters which are equivalent to CHAR[m
[7m Manual page tr(1) line 51 (press h for help or q to quit)[27m[K[K [KESCESC[KOO[KBB[K[m
[7m Manual page tr(1) line 52 (press h for help or q to quit)[27m[K[K [KESCESC[KOO[KBB[K       Translation occurs if [1m-d[0m is not given and both SET1 and SET2  appear.   [1m-t[0m  may  be[m
[7m Manual page tr(1) line 53 (press h for help or q to quit)[27m[K[K [KESCESC[KOO[KBB[K       used  only  when  translating.  SET2 is extended to length of SET1 by repeating its[m
[7m Manual page tr(1) line 54 (press h for help or q to quit)[27m[K[K [KESCESC[KOO[KBB[K       last character  as  necessary.   Excess  characters  of  SET2  are  ignored.   Only[m
[7m Manual page tr(1) line 55 (press h for help or q to quit)[27m[K[K [KESCESC[KOO[KBB[K       [:lower:]  and  [:upper:] are guaranteed to expand in ascending order; used in SET2[m
[7m Manual page tr(1) line 56 (press h for help or q to quit)[27m[K[K [KESCESC[KOO[KBB[K       while translating, they may only be used in pairs to specify case  conversion.   [1m-s[0m[m
[7m Manual page tr(1) line 57 (press h for help or q to quit)[27m[K[K [KESCESC[KOO[KBB[K       uses the last specified SET, and occurs after translation or deletion.[m
[7m Manual page tr(1) line 58 (press h for help or q to quit)[27m[K[K [KESCESC[KOO[KBB[K[m
[7m Manual page tr(1) line 59 (press h for help or q to quit)[27m[K[K [KESCESC[KOO[KBB[K[1mAUTHOR[0m[m
[7m Manual page tr(1) line 60 (press h for help or q to quit)[27m[K[K [KESCESC[KOO[KBB[K       Written by Jim Meyering.[m
[7m Manual page tr(1) line 61 (press h for help or q to quit)[27m[K[K [KESCESC[KOO[KBB[K[m
[7m Manual page tr(1) line 62 (press h for help or q to quit)[27m[K[K [KESCESC[KOO[KBB[K[1mREPORTING[0m [1mBUGS[0m[m
[7m Manual page tr(1) line 63 (press h for help or q to quit)[27m[K[K [KESCESC[KOO[KBB[K       GNU coreutils online help: <https://www.gnu.org/software/coreutils/>[m
[7m Manual page tr(1) line 64 (press h for help or q to quit)[27m[K[K [KESCESC[KOO[KBB[K       Report tr translation bugs to <https://translationproject.org/team/>[m
[7m Manual page tr(1) line 65 (press h for help or q to quit)[27m[K[K [KESCESC[KOO[KBB[K[m
[7m Manual page tr(1) line 66 (press h for help or q to quit)[27m[K[K [KESCESC[KOO[KBB[K[1mCOPYRIGHT[0m[m
[7m Manual page tr(1) line 67 (press h for help or q to quit)[27m[K[K [KESCESC[KOO[KBB[K       Copyright  © 2018 Free Software Foundation, Inc.  License GPLv3+: GNU GPL version 3[m
[7m Manual page tr(1) line 68 (press h for help or q to quit)[27m[K[K [KESCESC[KOO[KBB[K       or later <https://gnu.org/licenses/gpl.html>.[m
[7m Manual page tr(1) line 69 (press h for help or q to quit)[27m[K[K [KESCESC[KOO[KBB[K       This is free software: you are free to change and redistribute  it.   There  is  NO[m
[7m Manual page tr(1) line 70 (press h for help or q to quit)[27m[K[K [KESCESC[KOO[KBB[K       WARRANTY, to the extent permitted by law.[m
[7m Manual page tr(1) line 71 (press h for help or q to quit)[27m[K[K [KESCESC[KOO[KBB[K[m
[7m Manual page tr(1) line 72 (press h for help or q to quit)[27m[K[K [KESCESC[KOO[KBB[K[1mSEE[0m [1mALSO[0m[m
[7m Manual page tr(1) line 73 (press h for help or q to quit)[27m[K[K [KESCESC[KOO[KBB[K       Full documentation at: <https://www.gnu.org/software/coreutils/tr>[m
[7m Manual page tr(1) line 74 (press h for help or q to quit)[27m[K[K [KESCESC[KOO[KBB[K       or available locally via: info '(coreutils) tr invocation'[m
[7m Manual page tr(1) line 75 (press h for help or q to quit)[27m[K[K [KESCESC[KOO[KBB[K[m
[7m Manual page tr(1) line 76 (press h for help or q to quit)[27m[K[K [KESCESC[KOO[KBB[KGNU coreutils 8.30                     February 2019                                 TR(1)[m
[7m Manual page tr(1) line 77 (press h for help or q to quit)[27m[K[K [KESCESC[KOO[KBB[K[K[7m Manual page tr(1) line 77/124 (END) (press h for help or q to quit)[27m[K[K [KESCESC[KOO[KBB[K[K[7m Manual page tr(1) line 77/124 (END) (press h for help or q to quit)[27m[K[K [KESCESC[KOO[KBB[K[K[7m Manual page tr(1) line 77/124 (END) (press h for help or q to quit)[27m[K[K [KESCESC[KOO[KBB[K[K[7m Manual page tr(1) line 77/124 (END) (press h for help or q to quit)[27m[K[K [KESCESC[KOO[KBB[K[K[7m Manual page tr(1) line 77/124 (END) (press h for help or q to quit)[27m[K[K [KESCESC[KOO[KBB[K[K[7m Manual page tr(1) line 77/124 (END) (press h for help or q to quit)[27m[K[K [KESCESC[KOO[KBB[K[K[7m Manual page tr(1) line 77/124 (END) (press h for help or q to quit)[27m[K[K [KESCESC[KOO[KBB[K[K[7m Manual page tr(1) line 77/124 (END) (press h for help or q to quit)[27m[K[K [KESCESC[KOO[KBB[K[K[7m Manual page tr(1) line 77/124 (END) (press h for help or q to quit)[27m[K[K [KESCESC[KOO[KBB[K[K[7m Manual page tr(1) line 77/124 (END) (press h for help or q to quit)[27m[K[K [KESCESC[KOO[KBB[K[K[7m Manual page tr(1) line 77/124 (END) (press h for help or q to quit)[27m[K[K [KESCESC[KOO[KBB[K[K[7m Manual page tr(1) line 77/124 (END) (press h for help or q to quit)[27m[K[K [KESCESC[KOO[KBB[K[K[7m Manual page tr(1) line 77/124 (END) (press h for help or q to quit)[27m[K[K [KESCESC[KOO[KBB[K[K[7m Manual page tr(1) line 77/124 (END) (press h for help or q to quit)[27m[K[K [KESCESC[KOO[KBB[K[K[7m Manual page tr(1) line 77/124 (END) (press h for help or q to quit)[27m[K[K [KESCESC[KOO[KBB[K[K[7m Manual page tr(1) line 77/124 (END) (press h for help or q to quit)[27m[K[K [KESCESC[KOO[KBB[K[K[7m Manual page tr(1) line 77/124 (END) (press h for help or q to quit)[27m[K[K [KESCESC[KOO[KAA[K[HM       [:graph:][m
[49;1H[K[7m Manual page tr(1) line 76/124 98% (press h for help or q to quit)[27m[K[K [KESCESC[KOO[KAA[K[HM[m
[49;1H[K[7m Manual page tr(1) line 75/124 98% (press h for help or q to quit)[27m[K[K [KESCESC[KOO[KAA[K[HM              all digits[m
[49;1H[K[7m Manual page tr(1) line 74/124 96% (press h for help or q to quit)[27m[K[K [KESCESC[KOO[KAA[K[HM       [:digit:][m
[49;1H[K[7m Manual page tr(1) line 73/124 94% (press h for help or q to quit)[27m[K[K [KESCESC[KOO[KAA[K[HM[m
[49;1H[K[7m Manual page tr(1) line 72/124 93% (press h for help or q to quit)[27m[K[K [KESCESC[KOO[KAA[K[HM              all control characters[m
[49;1H[K[7m Manual page tr(1) line 71/124 93% (press h for help or q to quit)[27m[K[K [KESCESC[KOO[KAA[K[HM       [:cntrl:][m
[49;1H[K[7m Manual page tr(1) line 70/124 92% (press h for help or q to quit)[27m[K[K [KESCESC[KOO[KAA[K[HM[m
[49;1H[K[7m Manual page tr(1) line 69/124 90% (press h for help or q to quit)[27m[K[K [KESCESC[KOO[KAA[K[HM              all horizontal whitespace[m
[49;1H[K[7m Manual page tr(1) line 68/124 88% (press h for help or q to quit)[27m[K[K [KESCESC[KOO[KAA[K[HM       [:blank:][m
[49;1H[K[7m Manual page tr(1) line 67/124 86% (press h for help or q to quit)[27m[K[K [KESCESC[KOO[KAA[K[HM[m
[49;1H[K[7m Manual page tr(1) line 66/124 85% (press h for help or q to quit)[27m[K[K [KESCESC[KOO[KAA[K[HM              all letters[m
[49;1H[K[7m Manual page tr(1) line 65/124 85% (press h for help or q to quit)[27m[K[K [KESCESC[KOO[KAA[K[HM       [:alpha:][m
[49;1H[K[7m Manual page tr(1) line 64/124 83% (press h for help or q to quit)[27m[K[K [KESCESC[KOO[KAA[K[HM[m
[49;1H[K[7m Manual page tr(1) line 63/124 81% (press h for help or q to quit)[27m[K[K [KESCESC[KOO[KAA[K[HM              all letters and digits[m
[49;1H[K[7m Manual page tr(1) line 62/124 80% (press h for help or q to quit)[27m[K[K [KESCESC[KOO[KAA[K[HM       [:alnum:][m
[49;1H[K[7m Manual page tr(1) line 61/124 80% (press h for help or q to quit)[27m[K[K [KESCESC[KOO[KAA[K[HM[m
[49;1H[K[7m Manual page tr(1) line 60/124 79% (press h for help or q to quit)[27m[K[K [KESCESC[KOO[KAA[K[HM              REPEAT copies of CHAR, REPEAT octal if starting with 0[m
[49;1H[K[7m Manual page tr(1) line 59/124 79% (press h for help or q to quit)[27m[K[K [KESCESC[KOO[KAA[K[HM       [CHAR*REPEAT][m
[49;1H[K[7m Manual page tr(1) line 58/124 79% (press h for help or q to quit)[27m[K[K [KESCESC[KOO[KAA[K[HM[m
[49;1H[K[7m Manual page tr(1) line 57/124 77% (press h for help or q to quit)[27m[K[K [KESCESC[KOO[KAA[K[HM              in SET2, copies of CHAR until length of SET1[m
[49;1H[K[7m Manual page tr(1) line 56/124 74% (press h for help or q to quit)[27m[K[K [KESCESC[KOO[KAA[K[HM       [CHAR*][m
[49;1H[K[7m Manual page tr(1) line 55/124 72% (press h for help or q to quit)[27m[K[K [KESCESC[KOO[KAA[K[HM[m
[49;1H[K[7m Manual page tr(1) line 54/124 70% (press h for help or q to quit)[27m[K[K [KESCESC[KOO[KAA[K[HM              all characters from CHAR1 to CHAR2 in ascending order[m
[49;1H[K[7m Manual page tr(1) line 53/124 67% (press h for help or q to quit)[27m[K[K [KESCESC[KOO[KAA[K[HM       CHAR1-CHAR2[m
[49;1H[K[7m Manual page tr(1) line 52/124 65% (press h for help or q to quit)[27m[K[K [KESCESC[KOO[KAA[K[HM[m
[49;1H[K[7m Manual page tr(1) line 51/124 65% (press h for help or q to quit)[27m[K[K [KESCESC[KOO[KAA[K[HM       \v     vertical tab[m
[49;1H[K[7m Manual page tr(1) line 50/124 63% (press h for help or q to quit)[27m[K[K [KESCESC[KOO[KAA[K[HM[m
[49;1H[K[7m Manual page tr(1) line 49/124 63% (press h for help or q to quit)[27m[K[K [KESCESC[KOO[KAA[K[HM       \t     horizontal tab[m
[49;1H[K[7m Manual page tr(1) line 48/124 63% (press h for help or q to quit)[27m[K[K [KESCESC[KOO[KAA[K[HM[m
[49;1H[K[7m Manual page tr(1) line 47/124 62% (press h for help or q to quit)[27m[K[K [KESCESC[KOO[KAA[K[HM       \r     return[m
[49;1H[K[7m Manual page tr(1) line 46/124 61% (press h for help or q to quit)[27m[K[K [KESCESC[KOO[KAA[K[HM[m
[49;1H[K[7m Manual page tr(1) line 45/124 61% (press h for help or q to quit)[27m[K[K [KESCESC[KOO[KAA[K[HM       \n     new line[m
[49;1H[K[7m Manual page tr(1) line 44/124 60% (press h for help or q to quit)[27m[K[K [KESCESC[KOO[KAA[K[HM[m
[49;1H[K[7m Manual page tr(1) line 43/124 60% (press h for help or q to quit)[27m[K[K [KESCESC[KOO[KAA[K[HM       \f     form feed[m
[49;1H[K[7m Manual page tr(1) line 42/124 60% (press h for help or q to quit)[27m[K[K [KESCESC[KOO[KAA[K[HM[m
[49;1H[K[7m Manual page tr(1) line 41/124 59% (press h for help or q to quit)[27m[K[K [KESCESC[KOO[KAA[K[HM       \b     backspace[m
[49;1H[K[7m Manual page tr(1) line 40/124 58% (press h for help or q to quit)[27m[K[K [KESCESC[KOO[KAA[K[HM[m
[49;1H[K[7m Manual page tr(1) line 39/124 58% (press h for help or q to quit)[27m[K[K [KESCESC[KOO[KAA[K[HM       \a     audible BEL[m
[49;1H[K[7m Manual page tr(1) line 38/124 57% (press h for help or q to quit)[27m[K[K [KESCESC[KOO[KAA[K[HM[m
[49;1H[K[7m Manual page tr(1) line 37/124 57% (press h for help or q to quit)[27m[K[K [KESCESC[KOO[KAA[K[HM       \\     backslash[m
[49;1H[K[7m Manual page tr(1) line 36/124 57% (press h for help or q to quit)[27m[K[K [KESCESC[KOO[KAA[K[HM[m
[49;1H[K[7m Manual page tr(1) line 35/124 55% (press h for help or q to quit)[27m[K[K [KESCESC[KOO[KAA[K[HM       \NNN   character with octal value NNN (1 to 3 octal digits)[m
[49;1H[K[7m Manual page tr(1) line 34/124 55% (press h for help or q to quit)[27m[K[K [KESCESC[KOO[KAA[K[HM[m
[49;1H[K[7m Manual page tr(1) line 33/124 55% (press h for help or q to quit)[27m[K[K [KESCESC[KOO[KAA[K[HM       preted sequences are:[m
[49;1H[K[7m Manual page tr(1) line 32/124 54% (press h for help or q to quit)[27m[K[K [KESCESC[KOO[KAA[K[HM       SETs  are  specified  as strings of characters.  Most represent themselves.  Inter‐[m
[49;1H[K[7m Manual page tr(1) line 31/124 53% (press h for help or q to quit)[27m[K[K [KESCESC[KOO[KAA[K[HM[m
[49;1H[K[7m Manual page tr(1) line 30/124 53% (press h for help or q to quit)[27m[K[K [KESCESC[KOO[KAA[K[HM              output version information and exit[m
[49;1H[K[7m Manual page tr(1) line 29/124 52% (press h for help or q to quit)[27m[K[K [KESCESC[KOO[KAA[K[HM       [1m--version[0m[m
[49;1H[K[7m Manual page tr(1) line 28/124 51% (press h for help or q to quit)[27m[K[K [KESCESC[KOO[KAA[K[HM[m
[49;1H[K[7m Manual page tr(1) line 27/124 51% (press h for help or q to quit)[27m[K[K [KESCESC[KOO[KAA[K[HM       [1m--help[0m display this help and exit[m
[49;1H[K[7m Manual page tr(1) line 26/124 51% (press h for help or q to quit)[27m[K[K [KESCESC[KOO[KAA[K[HM[m
[49;1H[K[7m Manual page tr(1) line 25/124 50% (press h for help or q to quit)[27m[K[K [KESCESC[KOO[KAA[K[HM              first truncate SET1 to length of SET2[m
[49;1H[K[7m Manual page tr(1) line 24/124 50% (press h for help or q to quit)[27m[K[K [KESCESC[KOO[KAA[K[HM       [1m-t[0m, [1m--truncate-set1[0m[m
[49;1H[K[7m Manual page tr(1) line 23/124 49% (press h for help or q to quit)[27m[K[K [KESCESC[KOO[KAA[K[HM[m
[49;1H[K[7m Manual page tr(1) line 22/124 49% (press h for help or q to quit)[27m[K[K [KESCESC[KOO[KAA[K[HM              specified SET, with a single occurrence of that character[m
[49;1H[K[7m Manual page tr(1) line 21/124 49% (press h for help or q to quit)[27m[K[K [KESCESC[KOO[KAA[K[HM              replace each sequence of a repeated character that is  listed  in  the  last[m
[49;1H[K[7m Manual page tr(1) line 20/124 48% (press h for help or q to quit)[27m[K[K [KESCESC[KOO[KAA[K[HM       [1m-s[0m, [1m--squeeze-repeats[0m[m
[49;1H[K[7m Manual page tr(1) line 19/124 47% (press h for help or q to quit)[27m[K[K [KESCESC[KOO[KAA[K[HM[m
[49;1H[K[7m Manual page tr(1) line 18/124 47% (press h for help or q to quit)[27m[K[K [KESCESC[KOO[KAA[K[HM              delete characters in SET1, do not translate[m
[49;1H[K[7m Manual page tr(1) line 17/124 47% (press h for help or q to quit)[27m[K[K [KESCESC[KOO[KAA[K[HM       [1m-d[0m, [1m--delete[0m[m
[49;1H[K[7m Manual page tr(1) line 16/124 46% (press h for help or q to quit)[27m[K[K [KESCESC[KOO[KAA[K[HM[m
[49;1H[K[7m Manual page tr(1) line 15/124 46% (press h for help or q to quit)[27m[K[K [KESCESC[KOO[KAA[K[HM              use the complement of SET1[m
[49;1H[K[7m Manual page tr(1) line 14/124 45% (press h for help or q to quit)[27m[K[K [KESCESC[KOO[KAA[K[HM       [1m-c[0m, [1m-C[0m, [1m--complement[0m[m
[49;1H[K[7m Manual page tr(1) line 13/124 45% (press h for help or q to quit)[27m[K[K [KESCESC[KOO[KAA[K[HM[m
[49;1H[K[7m Manual page tr(1) line 12/124 45% (press h for help or q to quit)[27m[K[K [KESCESC[KOO[KAA[K[HM       dard output.[m
[49;1H[K[7m Manual page tr(1) line 11/124 43% (press h for help or q to quit)[27m[K[K [KESCESC[KOO[KAA[K[HM       Translate,  squeeze, and/or delete characters from standard input, writing to stan‐[m
[49;1H[K[7m Manual page tr(1) line 10/124 42% (press h for help or q to quit)[27m[K[K [KESCESC[KOO[KAA[K[HM[1mDESCRIPTION[0m[m
[49;1H[K[7m Manual page tr(1) line 9/124 42% (press h for help or q to quit)[27m[K[K [KESCESC[KOO[KAA[K[HM[m
[49;1H[K[7m Manual page tr(1) line 8/124 41% (press h for help or q to quit)[27m[K[K [KESCESC[KOO[KAA[K[HM       [1mtr[0m [[4mOPTION[24m]... [4mSET1[24m [[4mSET2[24m][m
[49;1H[K[7m Manual page tr(1) line 7/124 40% (press h for help or q to quit)[27m[K[K [KESCESC[KOO[KAA[K[HM[1mSYNOPSIS[0m[m
[49;1H[K[7m Manual page tr(1) line 6/124 40% (press h for help or q to quit)[27m[K[K [KESCESC[KOO[KAA[K[HM[m
[49;1H[K[7m Manual page tr(1) line 5/124 39% (press h for help or q to quit)[27m[K[K [KESCESC[KOO[KAA[K[HM       tr - translate or delete characters[m
[49;1H[K[7m Manual page tr(1) line 4/124 38% (press h for help or q to quit)[27m[K[K [KESCESC[KOO[KAA[K[HM[1mNAME[0m[m
[49;1H[K[7m Manual page tr(1) line 3/124 38% (press h for help or q to quit)[27m[K[K [KESCESC[KOO[KAA[K[HM[m
[49;1H[K[7m Manual page tr(1) line 2/124 37% (press h for help or q to quit)[27m[K[K [KESCESC[KOO[KAA[K[HMTR(1)                                  User Commands                                 TR(1)[m
[49;1H[K[7m Manual page tr(1) line 1/124 37% (press h for help or q to quit)[27m[K[K [KESCESC[KOO[KAA[K[K[7m Manual page tr(1) line 1/124 37% (press h for help or q to quit)[27m[K[K [KESCESC[KOO[KAA[K[K[7m Manual page tr(1) line 1/124 37% (press h for help or q to quit)[27m[K[K [KESCESC[KOO[KAA[K[K[7m Manual page tr(1) line 1/124 37% (press h for help or q to quit)[27m[K[K [KESCESC[KOO[KBB[K[m
[7m Manual page tr(1) line 2/124 37% (press h for help or q to quit)[27m[K[K [KESCESC[KOO[KBB[K       \v     vertical tab[m
[7m Manual page tr(1) line 3/124 38% (press h for help or q to quit)[27m[K[K [KESCESC[KOO[KBB[K[m
[7m Manual page tr(1) line 4/124 38% (press h for help or q to quit)[27m[K[K [KESCESC[KOO[KBB[K       CHAR1-CHAR2[m
[7m Manual page tr(1) line 5/124 39% (press h for help or q to quit)[27m[K[K [KESCESC[KOO[KBB[K              all characters from CHAR1 to CHAR2 in ascending order[m
[7m Manual page tr(1) line 6/124 40% (press h for help or q to quit)[27m[K[K [KESCESC[KOO[KBB[K[m
[7m Manual page tr(1) line 7/124 40% (press h for help or q to quit)[27m[K[K [KESCESC[KOO[KBB[K       [CHAR*][m
[7m Manual page tr(1) line 8/124 41% (press h for help or q to quit)[27m[K[K [KESCESC[KOO[KBB[K              in SET2, copies of CHAR until length of SET1[m
[7m Manual page tr(1) line 9/124 42% (press h for help or q to quit)[27m[K[K [KESCESC[KOO[KBB[K[m
[7m Manual page tr(1) line 10/124 42% (press h for help or q to quit)[27m[K[K [KESCESC[KOO[KBB[K       [CHAR*REPEAT][m
[7m Manual page tr(1) line 11/124 43% (press h for help or q to quit)[27m[K[K [KESCESC[KOO[KBB[K              REPEAT copies of CHAR, REPEAT octal if starting with 0[m
[7m Manual page tr(1) line 12/124 45% (press h for help or q to quit)[27m[K[K [KESCESC[KOO[KBB[K[m
[7m Manual page tr(1) line 13/124 45% (press h for help or q to quit)[27m[K[K [KESCESC[KOO[KBB[K       [:alnum:][m
[7m Manual page tr(1) line 14/124 45% (press h for help or q to quit)[27m[K[K [KESCESC[KOO[KBB[K              all letters and digits[m
[7m Manual page tr(1) line 15/124 46% (press h for help or q to quit)[27m[K[K [KESCESC[KOO[KBB[K[m
[7m Manual page tr(1) line 16/124 46% (press h for help or q to quit)[27m[K[K [KESCESC[KOO[KBB[K       [:alpha:][m
[7m Manual page tr(1) line 17/124 47% (press h for help or q to quit)[27m[K[K [KESCESC[KOO[KBB[K              all letters[m
[7m Manual page tr(1) line 18/124 47% (press h for help or q to quit)[27m[K[K [KESCESC[KOO[KBB[K[m
[7m Manual page tr(1) line 19/124 47% (press h for help or q to quit)[27m[K[K [KESCESC[KOO[KBB[K       [:blank:][m
[7m Manual page tr(1) line 20/124 48% (press h for help or q to quit)[27m[K[K [KESCESC[KOO[KBB[K              all horizontal whitespace[m
[7m Manual page tr(1) line 21/124 49% (press h for help or q to quit)[27m[K[K [KESCESC[KOO[KBB[K[m
[7m Manual page tr(1) line 22/124 49% (press h for help or q to quit)[27m[K[K [KESCESC[KOO[KBB[K       [:cntrl:][m
[7m Manual page tr(1) line 23/124 49% (press h for help or q to quit)[27m[K[K [KESCESC[KOO[KBB[K              all control characters[m
[7m Manual page tr(1) line 24/124 50% (press h for help or q to quit)[27m[K[K [KESCESC[KOO[KBB[K[m
[7m Manual page tr(1) line 25/124 50% (press h for help or q to quit)[27m[K[K [KESCESC[KOO[KBB[K       [:digit:][m
[7m Manual page tr(1) line 26/124 51% (press h for help or q to quit)[27m[K[K [KESCESC[KOO[KBB[K              all digits[m
[7m Manual page tr(1) line 27/124 51% (press h for help or q to quit)[27m[K[K [KESCESC[KOO[KBB[K[m
[7m Manual page tr(1) line 28/124 51% (press h for help or q to quit)[27m[K[K [KESCESC[KOO[KBB[K       [:graph:][m
[7m Manual page tr(1) line 29/124 52% (press h for help or q to quit)[27m[K[K [KESCESC[KOO[KBB[K              all printable characters, not including space[m
[7m Manual page tr(1) line 30/124 53% (press h for help or q to quit)[27m[K[K [KESCESC[KOO[KBB[K[m
[7m Manual page tr(1) line 31/124 53% (press h for help or q to quit)[27m[K[K [KESCESC[KOO[KBB[K       [:lower:][m
[7m Manual page tr(1) line 32/124 54% (press h for help or q to quit)[27m[K[K [KESCESC[KOO[KBB[K              all lower case letters[m
[7m Manual page tr(1) line 33/124 55% (press h for help or q to quit)[27m[K[K [KESCESC[KOO[KBB[K[m
[7m Manual page tr(1) line 34/124 55% (press h for help or q to quit)[27m[K[K [KESCESC[KOO[KBB[K       [:print:][m
[7m Manual page tr(1) line 35/124 55% (press h for help or q to quit)[27m[K[K [KESCESC[KOO[KBB[K              all printable characters, including space[m
[7m Manual page tr(1) line 36/124 57% (press h for help or q to quit)[27m[K[K [KESCESC[KOO[KBB[K[m
[7m Manual page tr(1) line 37/124 57% (press h for help or q to quit)[27m[K[K [KESCESC[KOO[KBB[K       [:punct:][m
[7m Manual page tr(1) line 38/124 57% (press h for help or q to quit)[27m[K[K [KESCESC[KOO[KBB[K              all punctuation characters[m
[7m Manual page tr(1) line 39/124 58% (press h for help or q to quit)[27m[K[K [KESCESC[KOO[KBB[K[m
[7m Manual page tr(1) line 40/124 58% (press h for help or q to quit)[27m[K[K [KESCESC[KOO[KBB[K       [:space:][m
[7m Manual page tr(1) line 41/124 59% (press h for help or q to quit)[27m[K[K [KESCESC[KOO[KBB[K              all horizontal or vertical whitespace[m
[7m Manual page tr(1) line 42/124 60% (press h for help or q to quit)[27m[K[K [KESCESC[KOO[KBB[K[m
[7m Manual page tr(1) line 43/124 60% (press h for help or q to quit)[27m[K[K [KESCESC[KOO[KBB[K       [:upper:][m
[7m Manual page tr(1) line 44/124 60% (press h for help or q to quit)[27m[K[K [KESCESC[KOO[KBB[K              all upper case letters[m
[7m Manual page tr(1) line 45/124 61% (press h for help or q to quit)[27m[K[K [KESCESC[KOO[KBB[K[m
[7m Manual page tr(1) line 46/124 61% (press h for help or q to quit)[27m[K[K [KESCESC[KOO[KBB[K       [:xdigit:][m
[7m Manual page tr(1) line 47/124 62% (press h for help or q to quit)[27m[K[K [KESCESC[KOO[KBB[K              all hexadecimal digits[m
[7m Manual page tr(1) line 48/124 63% (press h for help or q to quit)[27m[K[K [KESCESC[KOO[KBB[K[m
[7m Manual page tr(1) line 49/124 63% (press h for help or q to quit)[27m[K[K [KESCESC[KOO[KBB[K       [=CHAR=][m
[7m Manual page tr(1) line 50/124 63% (press h for help or q to quit)[27m[K[K [KESCESC[KOO[KBB[K              all characters which are equivalent to CHAR[m
[7m Manual page tr(1) line 51/124 65% (press h for help or q to quit)[27m[K[K [KESCESC[KOO[KAA[K[HM       \v     vertical tab[m
[49;1H[K[7m Manual page tr(1) line 50/124 63% (press h for help or q to quit)[27m[K[K [KESCESC[KOO[KAA[K[HM[m
[49;1H[K[7m Manual page tr(1) line 49/124 63% (press h for help or q to quit)[27m[K[K [KESCESC[KOO[KAA[K[HM       \t     horizontal tab[m
[49;1H[K[7m Manual page tr(1) line 48/124 63% (press h for help or q to quit)[27m[K[K [KESCESC[KOO[KAA[K[HM[m
[49;1H[K[7m Manual page tr(1) line 47/124 62% (press h for help or q to quit)[27m[K[K [KESCESC[KOO[KAA[K[HM       \r     return[m
[49;1H[K[7m Manual page tr(1) line 46/124 61% (press h for help or q to quit)[27m[K[K [KESCESC[KOO[KAA[K[HM[m
[49;1H[K[7m Manual page tr(1) line 45/124 61% (press h for help or q to quit)[27m[K[K [KESCESC[KOO[KAA[K[HM       \n     new line[m
[49;1H[K[7m Manual page tr(1) line 44/124 60% (press h for help or q to quit)[27m[K[K [KESCESC[KOO[KAA[K[HM[m
[49;1H[K[7m Manual page tr(1) line 43/124 60% (press h for help or q to quit)[27m[K[K [KESCESC[KOO[KAA[K[HM       \f     form feed[m
[49;1H[K[7m Manual page tr(1) line 42/124 60% (press h for help or q to quit)[27m[K[K [KESCESC[KOO[KAA[K[HM[m
[49;1H[K[7m Manual page tr(1) line 41/124 59% (press h for help or q to quit)[27m[K[K [KESCESC[KOO[KAA[K[HM       \b     backspace[m
[49;1H[K[7m Manual page tr(1) line 40/124 58% (press h for help or q to quit)[27m[K[K [KESCESC[KOO[KAA[K[HM[m
[49;1H[K[7m Manual page tr(1) line 39/124 58% (press h for help or q to quit)[27m[K[K [KESCESC[KOO[KAA[K[HM       \a     audible BEL[m
[49;1H[K[7m Manual page tr(1) line 38/124 57% (press h for help or q to quit)[27m[K[K [KESCESC[KOO[KAA[K[HM[m
[49;1H[K[7m Manual page tr(1) line 37/124 57% (press h for help or q to quit)[27m[K[K [KESCESC[KOO[KAA[K[HM       \\     backslash[m
[49;1H[K[7m Manual page tr(1) line 36/124 57% (press h for help or q to quit)[27m[K[K [KESCESC[KOO[KAA[K[HM[m
[49;1H[K[7m Manual page tr(1) line 35/124 55% (press h for help or q to quit)[27m[K[K [KESCESC[KOO[KAA[K[HM       \NNN   character with octal value NNN (1 to 3 octal digits)[m
[49;1H[K[7m Manual page tr(1) line 34/124 55% (press h for help or q to quit)[27m[K[K [KESCESC[KOO[KAA[K[HM[m
[49;1H[K[7m Manual page tr(1) line 33/124 55% (press h for help or q to quit)[27m[K[K [KESCESC[KOO[KAA[K[HM       preted sequences are:[m
[49;1H[K[7m Manual page tr(1) line 32/124 54% (press h for help or q to quit)[27m[K[K [KESCESC[KOO[KAA[K[HM       SETs  are  specified  as strings of characters.  Most represent themselves.  Inter‐[m
[49;1H[K[7m Manual page tr(1) line 31/124 53% (press h for help or q to quit)[27m[K[K [KESCESC[KOO[KAA[K[HM[m
[49;1H[K[7m Manual page tr(1) line 30/124 53% (press h for help or q to quit)[27m[K[K [KESCESC[KOO[KAA[K[HM              output version information and exit[m
[49;1H[K[7m Manual page tr(1) line 29/124 52% (press h for help or q to quit)[27m[K[K [KESCESC[KOO[KAA[K[HM       [1m--version[0m[m
[49;1H[K[7m Manual page tr(1) line 28/124 51% (press h for help or q to quit)[27m[K[K [KESCESC[KOO[KAA[K[HM[m
[49;1H[K[7m Manual page tr(1) line 27/124 51% (press h for help or q to quit)[27m[K[K [KESCESC[KOO[KAA[K[HM       [1m--help[0m display this help and exit[m
[49;1H[K[7m Manual page tr(1) line 26/124 51% (press h for help or q to quit)[27m[K[K [KESCESC[KOO[KAA[K[HM[m
[49;1H[K[7m Manual page tr(1) line 25/124 50% (press h for help or q to quit)[27m[K[K [KESCESC[KOO[KAA[K[HM              first truncate SET1 to length of SET2[m
[49;1H[K[7m Manual page tr(1) line 24/124 50% (press h for help or q to quit)[27m[K[K [KESCESC[KOO[KAA[K[HM       [1m-t[0m, [1m--truncate-set1[0m[m
[49;1H[K[7m Manual page tr(1) line 23/124 49% (press h for help or q to quit)[27m[K[K [KESCESC[KOO[KAA[K[HM[m
[49;1H[K[7m Manual page tr(1) line 22/124 49% (press h for help or q to quit)[27m[K[K [KESCESC[KOO[KAA[K[HM              specified SET, with a single occurrence of that character[m
[49;1H[K[7m Manual page tr(1) line 21/124 49% (press h for help or q to quit)[27m[K[K [KESCESC[KOO[KAA[K[HM              replace each sequence of a repeated character that is  listed  in  the  last[m
[49;1H[K[7m Manual page tr(1) line 20/124 48% (press h for help or q to quit)[27m[K[K [KESCESC[KOO[KAA[K[HM       [1m-s[0m, [1m--squeeze-repeats[0m[m
[49;1H[K[7m Manual page tr(1) line 19/124 47% (press h for help or q to quit)[27m[K[K [KESCESC[KOO[KAA[K[HM[m
[49;1H[K[7m Manual page tr(1) line 18/124 47% (press h for help or q to quit)[27m[K[K [KESCESC[KOO[KAA[K[HM              delete characters in SET1, do not translate[m
[49;1H[K[7m Manual page tr(1) line 17/124 47% (press h for help or q to quit)[27m[K[K [KESCESC[KOO[KAA[K[HM       [1m-d[0m, [1m--delete[0m[m
[49;1H[K[7m Manual page tr(1) line 16/124 46% (press h for help or q to quit)[27m[K[K [KESCESC[KOO[KAA[K[HM[m
[49;1H[K[7m Manual page tr(1) line 15/124 46% (press h for help or q to quit)[27m[K[K [KESCESC[KOO[KAA[K[HM              use the complement of SET1[m
[49;1H[K[7m Manual page tr(1) line 14/124 45% (press h for help or q to quit)[27m[K[K [KESCESC[KOO[KAA[K[HM       [1m-c[0m, [1m-C[0m, [1m--complement[0m[m
[49;1H[K[7m Manual page tr(1) line 13/124 45% (press h for help or q to quit)[27m[K[K [KESCESC[KOO[KAA[K[HM[m
[49;1H[K[7m Manual page tr(1) line 12/124 45% (press h for help or q to quit)[27m[K[K [KESCESC[KOO[KAA[K[HM       dard output.[m
[49;1H[K[7m Manual page tr(1) line 11/124 43% (press h for help or q to quit)[27m[K[K [KESCESC[KOO[KAA[K[HM       Translate,  squeeze, and/or delete characters from standard input, writing to stan‐[m
[49;1H[K[7m Manual page tr(1) line 10/124 42% (press h for help or q to quit)[27m[K[K [KESCESC[KOO[KAA[K[HM[1mDESCRIPTION[0m[m
[49;1H[K[7m Manual page tr(1) line 9/124 42% (press h for help or q to quit)[27m[K[K [KESCESC[KOO[KAA[K[HM[m
[49;1H[K[7m Manual page tr(1) line 8/124 41% (press h for help or q to quit)[27m[K[K [KESCESC[KOO[KAA[K[HM       [1mtr[0m [[4mOPTION[24m]... [4mSET1[24m [[4mSET2[24m][m
[49;1H[K[7m Manual page tr(1) line 7/124 40% (press h for help or q to quit)[27m[K[K [KESCESC[KOO[KAA[K[HM[1mSYNOPSIS[0m[m
[49;1H[K[7m Manual page tr(1) line 6/124 40% (press h for help or q to quit)[27m[K[K [KESCESC[KOO[KAA[K[HM[m
[49;1H[K[7m Manual page tr(1) line 5/124 39% (press h for help or q to quit)[27m[K[K [KESCESC[KOO[KAA[K[HM       tr - translate or delete characters[m
[49;1H[K[7m Manual page tr(1) line 4/124 38% (press h for help or q to quit)[27m[K[K [KESCESC[KOO[KAA[K[HM[1mNAME[0m[m
[49;1H[K[7m Manual page tr(1) line 3/124 38% (press h for help or q to quit)[27m[K[K [KESCESC[KOO[KAA[K[HM[m
[49;1H[K[7m Manual page tr(1) line 2/124 37% (press h for help or q to quit)[27m[K[K [KESCESC[KOO[KAA[K[HMTR(1)                                  User Commands                                 TR(1)[m
[49;1H[K[7m Manual page tr(1) line 1/124 37% (press h for help or q to quit)[27m[K[K [KESCESC[KOO[KAA[K[K[7m Manual page tr(1) line 1/124 37% (press h for help or q to quit)[27m[K[K [KESCESC[KOO[KAA[K[K[7m Manual page tr(1) line 1/124 37% (press h for help or q to quit)[27m[K[K [KESCESC[KOO[KAA[K[K[7m Manual page tr(1) line 1/124 37% (press h for help or q to quit)[27m[K[K [KESCESC[KOO[KAA[K[K[7m Manual page tr(1) line 1/124 37% (press h for help or q to quit)[27m[K[K [KESCESC[KOO[KAA[K[K[7m Manual page tr(1) line 1/124 37% (press h for help or q to quit)[27m[K[K [KESCESC[KOO[KAA[K[K[7m Manual page tr(1) line 1/124 37% (press h for help or q to quit)[27m[K[K [KESCESC[KOO[KAA[K[K[7m Manual page tr(1) line 1/124 37% (press h for help or q to quit)[27m[K[K [KESCESC[KOO[KAA[K[K[7m Manual page tr(1) line 1/124 37% (press h for help or q to quit)[27m[K[K [KESCESC[KOO[KAA[K[K[7m Manual page tr(1) line 1/124 37% (press h for help or q to quit)[27m[K[K [KESCESC[KOO[KAA[K[K[7m Manual page tr(1) line 1/124 37% (press h for help or q to quit)[27m[K[K [KESCESC[KOO[KAA[K[K[7m Manual page tr(1) line 1/124 37% (press h for help or q to quit)[27m[K[K [KESCESC[KOO[KAA[K[K[7m Manual page tr(1) line 1/124 37% (press h for help or q to quit)[27m[K[K [KESCESC[KOO[KAA[K[K[7m Manual page tr(1) line 1/124 37% (press h for help or q to quit)[27m[K[K [KESCESC[KOO[KAA[K[K[7m Manual page tr(1) line 1/124 37% (press h for help or q to quit)[27m[K[K[?1l>[?1049l[23;0;0tbhogan9@remote04:~/i240b/submit/lab6/exercises$ tr ls[K[K
tr: missing operand
Try 'tr --help' for more information.
bhogan9@remote04:~/i240b/submit/lab6/exercises$ tr --help
Usage: tr [OPTION]... SET1 [SET2]
Translate, squeeze, and/or delete characters from standard input,
writing to standard output.

  -c, -C, --complement    use the complement of SET1
  -d, --delete            delete characters in SET1, do not translate
  -s, --squeeze-repeats   replace each sequence of a repeated character
                            that is listed in the last specified SET,
                            with a single occurrence of that character
  -t, --truncate-set1     first truncate SET1 to length of SET2
      --help     display this help and exit
      --version  output version information and exit

SETs are specified as strings of characters.  Most represent themselves.
Interpreted sequences are:

  \NNN            character with octal value NNN (1 to 3 octal digits)
  \\              backslash
  \a              audible BEL
  \b              backspace
  \f              form feed
  \n              new line
  \r              return
  \t              horizontal tab
  \v              vertical tab
  CHAR1-CHAR2     all characters from CHAR1 to CHAR2 in ascending order
  [CHAR*]         in SET2, copies of CHAR until length of SET1
  [CHAR*REPEAT]   REPEAT copies of CHAR, REPEAT octal if starting with 0
  [:alnum:]       all letters and digits
  [:alpha:]       all letters
  [:blank:]       all horizontal whitespace
  [:cntrl:]       all control characters
  [:digit:]       all digits
  [:graph:]       all printable characters, not including space
  [:lower:]       all lower case letters
  [:print:]       all printable characters, including space
  [:punct:]       all punctuation characters
  [:space:]       all horizontal or vertical whitespace
  [:upper:]       all upper case letters
  [:xdigit:]      all hexadecimal digits
  [=CHAR=]        all characters which are equivalent to CHAR

Translation occurs if -d is not given and both SET1 and SET2 appear.
-t may be used only when translating.  SET2 is extended to length of
SET1 by repeating its last character as necessary.  Excess characters
of SET2 are ignored.  Only [:lower:] and [:upper:] are guaranteed to
expand in ascending order; used in SET2 while translating, they may
only be used in pairs to specify case conversion.  -s uses the last
specified SET, and occurs after translation or deletion.

GNU coreutils online help: <https://www.gnu.org/software/coreutils/>
Full documentation at: <https://www.gnu.org/software/coreutils/tr>
or available locally via: info '(coreutils) tr invocation'
bhogan9@remote04:~/i240b/submit/lab6/exercises$ tr a[K{[K[:upper:] ls[K[K[K[1@l[1@s[1@ [1@|[1@ 
tr: missing operand after ‘[:upper:]’
Two strings must be given when translating.
Try 'tr --help' for more information.
bhogan9@remote04:~/i240b/submit/lab6/exercises$ ls | tr [:upper:][Kbhogan9@remote04:~/i240b/submit/lab6/exercises$ ls | tr [:upper:][Kbhogan9@remote04:~/i240b/submit/lab6/exercises$ ls | tr [:upper:][Kbhogan9@remote04:~/i240b/submit/lab6/exercises$ ls | tr [:upper:][Kbhogan9@remote04:~/i240b/submit/lab6/exercises$ ls | tr [:upper:][K
bhogan9@remote04:~/i240b/submit/lab6/exercises$ 
bhogan9@remote04:~/i240b/submit/lab6/exercises$ ls | tr [:upper:][C[C[C[C[1@|[1@ [1@c[1@a[1@t[1@ [1@>[1@c[1@a[1@t[1@.[1P[1P[1P[1P[1@f[1@i[1@l[1@e[1@.[1@t[1@x[1@t[1@ [C[C[C[C[C[C[C[C[C[C[C[C[C[C file.txt
bhogan9@remote04:~/i240b/submit/lab6/exercises$ cat file.txt
4-quoting
bin-c.log
cat
cat.log
dir
file.txt
ls.log
t1.c
T1.s
v1.s
v.c
x.c
bhogan9@remote04:~/i240b/submit/lab6/exercises$ kljlkihlih[K[K[K[K[K[K[K[K[K[Kjm[K[K,,[K[Kcat file.txt[30@ls | cat >file.txt | tr [:upper:][C[C[C[C[C[C[C[C[Ccat file.txt[K[30@ls | cat >file.txt | tr [:upper:][C[C[C[C[C[C[C[C[C[K[K[K[K[K[K[K[K[K[K[K[K[K[K[K[K[K[K[K[K[K[K[K[K[K[K[K[K[K[K[K[K[K[K[K[K[K[K[K[K[K[Kfile.txt[K[K[K[K[K[K[K[Kls | tr [:upper:][C[C[1P[1P[1P[1P[1P[C[C[C[C[C[C[C[C[C[C[C[C file.txt
^[[A    f
f
f
f
F
t
F
t
f
f
bhogan9@remote04:~/i240b/submit/lab6/exercises$ ls
4-quoting  bin-c.log  cat  cat.log  dir  file.txt  ls.log  t1.c  T1.s  v1.s  v.c  x.c
bhogan9@remote04:~/i240b/submit/lab6/exercises$ lstr [:upper:] file.txt[K[K[K[K[K[K[K[K"file"
f
f
F
e
i
i
I
e
L
e
E
e
e
e
e
e
bhogan9@remote04:~/i240b/submit/lab6/exercises$ tr [:upper:] "file"ls[Ktr [:upper:] file.txt[9Pcat[C[C[C[C[C[C[C[C[C[Kls | tr [:upper:][C[C[C[:upper:]:[:upper:]l[:upper:]o[:upper:]w[:upper:]e[:upper:]r[:upper:]:[:upper:]][:upper:] [:upper:]
4-QUOTING
BIN-C.LOG
CAT
CAT.LOG
DIR
FILE.TXT
LS.LOG
T1.C
T1.S
V1.S
V.C
X.C
bhogan9@remote04:~/i240b/submit/lab6/exercises$ e[Kcd 4-quoting/
bhogan9@remote04:~/i240b/submit/lab6/exercises/4-quoting$ ls
'**'  '1$2'  "'12"  '1"2'  'a$b'  '\\ab'  'a"b'  "a'b"	 -l
bhogan9@remote04:~/i240b/submit/lab6/exercises/4-quoting$ echo /[K\\
\
bhogan9@remote04:~/i240b/submit/lab6/exercises/4-quoting$ echo \\[K'
'
bhogan9@remote04:~/i240b/submit/lab6/exercises/4-quoting$ echo \'[K*
*
bhogan9@remote04:~/i240b/submit/lab6/exercises/4-quoting$ echo *
** 1$2 '12 1"2 a$b \\ab a"b a'b -l
bhogan9@remote04:~/i240b/submit/lab6/exercises/4-quoting$ echo \$HOME\"\\
$HOME"\
bhogan9@remote04:~/i240b/submit/lab6/exercises/4-quoting$ echo '\'
\
bhogan9@remote04:~/i240b/submit/lab6/exercises/4-quoting$ echo '\'\'
\\
bhogan9@remote04:~/i240b/submit/lab6/exercises/4-quoting$ echo '\\'[K[K[K[K\\\\
\\
bhogan9@remote04:~/i240b/submit/lab6/exercises/4-quoting$ echo '*$~'
*$~
bhogan9@remote04:~/i240b/submit/lab6/exercises/4-quoting$ ch[K[Kecho "\"\\"
"\
bhogan9@remote04:~/i240b/submit/lab6/exercises/4-quoting$ echo "$HOME"
/home/bhogan9
bhogan9@remote04:~/i240b/submit/lab6/exercises/4-quoting$ ehc[K[Kcho \
> abc \
> 123
abc 123
bhogan9@remote04:~/i240b/submit/lab6/exercises/4-quoting$ hh[K[K's[K[Kls '$'*[C*'$'*[C[C[C[1P*[1P*[1P*\*$*
'1$2'  'a$b'
bhogan9@remote04:~/i240b/submit/lab6/exercises/4-quoting$ ls *\$*[1P*'*
"'12"  "a'b"
bhogan9@remote04:~/i240b/submit/lab6/exercises/4-quoting$ ls *\'*[C[1P*\*
'\\ab'
bhogan9@remote04:~/i240b/submit/lab6/exercises/4-quoting$ ls
'**'  '1$2'  "'12"  '1"2'  'a$b'  '\\ab'  'a"b'  "a'b"	 -l
bhogan9@remote04:~/i240b/submit/lab6/exercises/4-quoting$ ls[K[Kls **[K[K??
-rw-r----- 1 bhogan9 bhogan9 0 Mar 12 15:58 '**'
bhogan9@remote04:~/i240b/submit/lab6/exercises/4-quoting$ ls ??-??-?? ??
'**'   -l
bhogan9@remote04:~/i240b/submit/lab6/exercises/4-quoting$ exit

Script done on 2020-03-12 17:20:40-04:00 [COMMAND_EXIT_CODE="0"]
